Timing Analyzer report for QuartusMultixplex
Thu Nov 12 02:56:26 2020
Version 5.0 Build 148 04/26/2005 SJ Full Version


---------------------
; Table of Contents ;
---------------------
  1. Legal Notice
  2. Timing Analyzer Summary
  3. Timing Analyzer Settings
  4. tpd
  5. Timing Analyzer Messages



----------------
; Legal Notice ;
----------------
Copyright (C) 1991-2005 Altera Corporation
Your use of Altera Corporation's design tools, logic functions 
and other software and tools, and its AMPP partner logic       
functions, and any output files any of the foregoing           
(including device programming or simulation files), and any    
associated documentation or information are expressly subject  
to the terms and conditions of the Altera Program License      
Subscription Agreement, Altera MegaCore Function License       
Agreement, or other applicable license agreement, including,   
without limitation, that your use is for the sole purpose of   
programming logic devices manufactured by Altera and sold by   
Altera or its authorized distributors.  Please refer to the    
applicable agreement for further details.



+-----------------------------------------------------------------------------------------------------------------------+
; Timing Analyzer Summary                                                                                               ;
+------------------------------+-------+---------------+-------------+------+----+------------+----------+--------------+
; Type                         ; Slack ; Required Time ; Actual Time ; From ; To ; From Clock ; To Clock ; Failed Paths ;
+------------------------------+-------+---------------+-------------+------+----+------------+----------+--------------+
; Worst-case tpd               ; N/A   ; None          ; 9.761 ns    ; x[0] ; q  ;            ;          ; 0            ;
; Total number of failed paths ;       ;               ;             ;      ;    ;            ;          ; 0            ;
+------------------------------+-------+---------------+-------------+------+----+------------+----------+--------------+


+------------------------------------------------------------------------------------------------------+
; Timing Analyzer Settings                                                                             ;
+-------------------------------------------------------+--------------------+------+----+-------------+
; Option                                                ; Setting            ; From ; To ; Entity Name ;
+-------------------------------------------------------+--------------------+------+----+-------------+
; Device Name                                           ; EP1S10F484C5       ;      ;    ;             ;
; Timing Models                                         ; Final              ;      ;    ;             ;
; Number of source nodes to report per destination node ; 10                 ;      ;    ;             ;
; Number of destination nodes to report                 ; 10                 ;      ;    ;             ;
; Number of paths to report                             ; 200                ;      ;    ;             ;
; Report Minimum Timing Checks                          ; Off                ;      ;    ;             ;
; Use Fast Timing Models                                ; Off                ;      ;    ;             ;
; Report IO Paths Separately                            ; Off                ;      ;    ;             ;
; Default hold multicycle                               ; Same as Multicycle ;      ;    ;             ;
; Cut paths between unrelated clock domains             ; On                 ;      ;    ;             ;
; Cut off read during write signal paths                ; On                 ;      ;    ;             ;
; Cut off feedback from I/O pins                        ; On                 ;      ;    ;             ;
; Report Combined Fast/Slow Timing                      ; Off                ;      ;    ;             ;
; Ignore Clock Settings                                 ; Off                ;      ;    ;             ;
; Analyze latches as synchronous elements               ; Off                ;      ;    ;             ;
; Enable Recovery/Removal analysis                      ; Off                ;      ;    ;             ;
; Enable Clock Latency                                  ; Off                ;      ;    ;             ;
+-------------------------------------------------------+--------------------+------+----+-------------+


+---------------------------------------------------------+
; tpd                                                     ;
+-------+-------------------+-----------------+------+----+
; Slack ; Required P2P Time ; Actual P2P Time ; From ; To ;
+-------+-------------------+-----------------+------+----+
; N/A   ; None              ; 9.761 ns        ; x[0] ; nq ;
; N/A   ; None              ; 9.761 ns        ; x[0] ; q  ;
; N/A   ; None              ; 9.595 ns        ; a[0] ; nq ;
; N/A   ; None              ; 9.595 ns        ; a[0] ; q  ;
; N/A   ; None              ; 9.482 ns        ; x[1] ; nq ;
; N/A   ; None              ; 9.482 ns        ; x[1] ; q  ;
; N/A   ; None              ; 9.306 ns        ; a[1] ; nq ;
; N/A   ; None              ; 9.306 ns        ; a[1] ; q  ;
; N/A   ; None              ; 9.194 ns        ; x[2] ; nq ;
; N/A   ; None              ; 9.194 ns        ; x[2] ; q  ;
; N/A   ; None              ; 8.716 ns        ; x[3] ; nq ;
; N/A   ; None              ; 8.716 ns        ; x[3] ; q  ;
; N/A   ; None              ; 8.371 ns        ; e    ; nq ;
; N/A   ; None              ; 8.371 ns        ; e    ; q  ;
+-------+-------------------+-----------------+------+----+


+--------------------------+
; Timing Analyzer Messages ;
+--------------------------+
Info: *******************************************************************
Info: Running Quartus II Timing Analyzer
    Info: Version 5.0 Build 148 04/26/2005 SJ Full Version
    Info: Processing started: Thu Nov 12 02:56:26 2020
Info: Command: quartus_tan --read_settings_files=off --write_settings_files=off QuartusMultixplex -c QuartusMultixplex --timing_analysis_only
Info: Longest tpd from source pin "x[0]" to destination pin "nq" is 9.761 ns
    Info: 1: + IC(0.000 ns) + CELL(1.087 ns) = 1.087 ns; Loc. = PIN_B21; Fanout = 1; PIN Node = 'x[0]'
    Info: 2: + IC(3.677 ns) + CELL(0.183 ns) = 4.947 ns; Loc. = LC_X1_Y30_N5; Fanout = 1; COMB Node = 'Mux~25'
    Info: 3: + IC(0.305 ns) + CELL(0.280 ns) = 5.532 ns; Loc. = LC_X1_Y30_N2; Fanout = 1; COMB Node = 'Mux~26'
    Info: 4: + IC(0.322 ns) + CELL(0.366 ns) = 6.220 ns; Loc. = LC_X1_Y30_N4; Fanout = 2; COMB Node = 'Mux~27'
    Info: 5: + IC(1.137 ns) + CELL(2.404 ns) = 9.761 ns; Loc. = PIN_D19; Fanout = 0; PIN Node = 'nq'
    Info: Total cell delay = 4.320 ns ( 44.26 % )
    Info: Total interconnect delay = 5.441 ns ( 55.74 % )
Info: Quartus II Timing Analyzer was successful. 0 errors, 0 warnings
    Info: Processing ended: Thu Nov 12 02:56:26 2020
    Info: Elapsed time: 00:00:00


